==228634== Memcheck, a memory error detector
==228634== Copyright (C) 2002-2017, and GNU GPL'd, by Julian Seward et al.
==228634== Using Valgrind-3.18.1 and LibVEX; rerun with -h for copyright info
==228634== Command: ./bin/app
==228634== 
==228634== 
==228634== HEAP SUMMARY:
==228634==     in use at exit: 0 bytes in 0 blocks
==228634==   total heap usage: 337 allocs, 337 frees, 99,886 bytes allocated
==228634== 
==228634== All heap blocks were freed -- no leaks are possible
==228634== 
==228634== For lists of detected and suppressed errors, rerun with: -s
==228634== ERROR SUMMARY: 0 errors from 0 contexts (suppressed: 0 from 0)
