
*******************************************
*                                         *
*     Bienvenide a la aplicaci√≥n de       *
*                idiomas                  *
*                                         *
*******************************************

Menu de opciones:
1. Alta de usuario
2. Consulta de usuario
3. Alta de idioma
4. Consultar idiomas
5. Alta de curso
6. Agregar lecci√≥n
7. Agregar ejercicio
8. Habilitar curso
9. Eliminar curso
10. Consultar curso
11. Inscribirse a curso
12. Realizar ejercicio
13. Consultar estad√≠sticas
14. Suscribirse a notificaciones
15. Consulta de notificaciones
16. Eliminar suscripciones
17. Cargar datos de prueba
0. Salir

Debe ingresar una opcion valida
Ingrese una opcion: 

Usuarios disponibles:
-------------------
John Doe
Jane Smith
Luis P√©rez
Anna Kovac
John Smith
Maria Garc√≠a
Michael M√ºller
Sakura Tanaka

Cursos disponibles:
-------------------
Dise√±o Gr√°fico Avanzado
Introducci√≥n a la Inteligencia Artificial
Marketing Digital para Emprendedores
Programaci√≥n en C++

Idiomas disponibles:
-------------------
Alem√°n
Chino
Coreano
Espa√±ol
Franc√©s
Hindi
Ingl√©s
Italiano
Japon√©s
Portugu√©s
Ruso
√Årabe

Desea realizar otra operacion?
1. Si 
0. No
Ingrese una opcion: 

[H[2J[3JMenu de opciones:
1. Alta de usuario
2. Consulta de usuario
3. Alta de idioma
4. Consultar idiomas
5. Alta de curso
6. Agregar lecci√≥n
7. Agregar ejercicio
8. Habilitar curso
9. Eliminar curso
10. Consultar curso
11. Inscribirse a curso
12. Realizar ejercicio
13. Consultar estad√≠sticas
14. Suscribirse a notificaciones
15. Consulta de notificaciones
16. Eliminar suscripciones
17. Cargar datos de prueba
0. Salir

Ingrese una opcion: 
[H[2J[3JGracias por utilizar la aplicacion de idiomas
Saliendo del sistema...
Hasta luego!
