==228668== Memcheck, a memory error detector
==228668== Copyright (C) 2002-2017, and GNU GPL'd, by Julian Seward et al.
==228668== Using Valgrind-3.18.1 and LibVEX; rerun with -h for copyright info
==228668== Command: ./bin/app
==228668== 
==228668== 
==228668== HEAP SUMMARY:
==228668==     in use at exit: 0 bytes in 0 blocks
==228668==   total heap usage: 381 allocs, 381 frees, 102,177 bytes allocated
==228668== 
==228668== All heap blocks were freed -- no leaks are possible
==228668== 
==228668== For lists of detected and suppressed errors, rerun with: -s
==228668== ERROR SUMMARY: 0 errors from 0 contexts (suppressed: 0 from 0)
