==228642== Memcheck, a memory error detector
==228642== Copyright (C) 2002-2017, and GNU GPL'd, by Julian Seward et al.
==228642== Using Valgrind-3.18.1 and LibVEX; rerun with -h for copyright info
==228642== Command: ./bin/app
==228642== 
==228642== 
==228642== HEAP SUMMARY:
==228642==     in use at exit: 0 bytes in 0 blocks
==228642==   total heap usage: 354 allocs, 354 frees, 100,845 bytes allocated
==228642== 
==228642== All heap blocks were freed -- no leaks are possible
==228642== 
==228642== For lists of detected and suppressed errors, rerun with: -s
==228642== ERROR SUMMARY: 0 errors from 0 contexts (suppressed: 0 from 0)
