==228687== Memcheck, a memory error detector
==228687== Copyright (C) 2002-2017, and GNU GPL'd, by Julian Seward et al.
==228687== Using Valgrind-3.18.1 and LibVEX; rerun with -h for copyright info
==228687== Command: ./bin/app
==228687== 
==228687== 
==228687== HEAP SUMMARY:
==228687==     in use at exit: 0 bytes in 0 blocks
==228687==   total heap usage: 24 allocs, 24 frees, 82,919 bytes allocated
==228687== 
==228687== All heap blocks were freed -- no leaks are possible
==228687== 
==228687== For lists of detected and suppressed errors, rerun with: -s
==228687== ERROR SUMMARY: 0 errors from 0 contexts (suppressed: 0 from 0)
