
*******************************************
*                                         *
*     Bienvenide a la aplicaci√≥n de       *
*                idiomas                  *
*                                         *
*******************************************

Menu de opciones:
1. Alta de usuario
2. Consulta de usuario
3. Alta de idioma
4. Consultar idiomas
5. Alta de curso
6. Agregar lecci√≥n
7. Agregar ejercicio
8. Habilitar curso
9. Eliminar curso
10. Consultar curso
11. Inscribirse a curso
12. Realizar ejercicio
13. Consultar estad√≠sticas
14. Suscribirse a notificaciones
15. Consulta de notificaciones
16. Eliminar suscripciones
17. Cargar datos de prueba
0. Salir

Debe ingresar una opcion valida
Ingrese una opcion: 
Alta de Curso
No hay profesores registrados en el sistema
No se puede dar de alta el curso
Cancelando operaci√≥n

Desea realizar otra operacion?
1. Si 
0. No
Ingrese una opcion: 

[H[2J[3JMenu de opciones:
1. Alta de usuario
2. Consulta de usuario
3. Alta de idioma
4. Consultar idiomas
5. Alta de curso
6. Agregar lecci√≥n
7. Agregar ejercicio
8. Habilitar curso
9. Eliminar curso
10. Consultar curso
11. Inscribirse a curso
12. Realizar ejercicio
13. Consultar estad√≠sticas
14. Suscribirse a notificaciones
15. Consulta de notificaciones
16. Eliminar suscripciones
17. Cargar datos de prueba
0. Salir

Ingrese una opcion: 
Alta de Usuario
Ingrese el nickname: Ingrese el password: El password debe tener al menos 6 caracteres
Ingrese el password: Ingrese el nombre: Ingrese la descripcion: 
Datos ingresados: 
Nickname: la la land
Password: passs123
Nombre: Ivan
Descripcion: invalid_argument
Tipo de usuario: 
0. Profesor
1. Estudiante
Ingrese una opcion: 
Ingrese el instituto: Lista de Idiomas disponibles
No hay idiomas disponibles
No se puede crear un profesor
Cancelando alta de usuario

Desea realizar otra operacion?
1. Si 
0. No
Ingrese una opcion: 

[H[2J[3JMenu de opciones:
1. Alta de usuario
2. Consulta de usuario
3. Alta de idioma
4. Consultar idiomas
5. Alta de curso
6. Agregar lecci√≥n
7. Agregar ejercicio
8. Habilitar curso
9. Eliminar curso
10. Consultar curso
11. Inscribirse a curso
12. Realizar ejercicio
13. Consultar estad√≠sticas
14. Suscribirse a notificaciones
15. Consulta de notificaciones
16. Eliminar suscripciones
17. Cargar datos de prueba
0. Salir

Ingrese una opcion: 
[H[2J[3JGracias por utilizar la aplicacion de idiomas
Saliendo del sistema...
Hasta luego!
